[2025-06-16 12:35:11] Executing bootstrap tasks
[2025-06-16 12:35:11] OpenJDK Runtime Environment 21.0.7+6-LTS
[2025-06-16 12:35:11] Product org.eclipse.products.epp.package.java.2025-06
[2025-06-16 12:35:11] Bundle org.eclipse.oomph.setup 1.32.0.v20250521-1019, build=939, branch=e3c6c0bb2f085c104beee4d836bfc74beff72398
[2025-06-16 12:35:11] Bundle org.eclipse.oomph.setup.core 1.34.0.v20250509-1106, build=939, branch=e3c6c0bb2f085c104beee4d836bfc74beff72398
[2025-06-16 12:35:11] Bundle org.eclipse.oomph.setup.p2 1.22.0.v20250302-1233, build=939, branch=e3c6c0bb2f085c104beee4d836bfc74beff72398
[2025-06-16 12:35:11] Performing P2 Director (Eclipse IDE for Java Developers (2025-06) + JRE 23.0.2)
[2025-06-16 12:35:11] Offline = false
[2025-06-16 12:35:11] Mirrors = true
[2025-06-16 12:35:11] Resolving 29 requirements from 4 repositories to /Users/ayushiverma/Applications/Day2_ProgrammingElements/src/Day2_ProgrammingElements/Eclipse.app/Contents/Eclipse
[2025-06-16 12:35:11] Requirement org.eclipse.equinox.p2.iu:org.eclipse.justj.openjdk.hotspot.jre.full.feature.group (filter=(|(&(osgi.arch=aarch64)(osgi.os=linux))(&(osgi.arch=aarch64)(osgi.os=macosx))(&(osgi.arch=aarch64)(osgi.os=win32))(&(osgi.arch=ppc64le)(osgi.os=linux))(&(osgi.arch=riscv64)(osgi.os=linux))(&(osgi.arch=x86_64)(osgi.os=linux))(&(osgi.arch=x86_64)(osgi.os=macosx))(&(osgi.arch=x86_64)(osgi.os=win32))))
[2025-06-16 12:35:11] Requirement org.eclipse.equinox.p2.iu:epp.package.java [4.36.0,5.0.0) (filter=(|(&(osgi.arch=aarch64)(osgi.os=linux)(osgi.ws=gtk))(&(osgi.arch=aarch64)(osgi.os=macosx)(osgi.ws=cocoa))(&(osgi.arch=aarch64)(osgi.os=win32)(osgi.ws=win32))(&(osgi.arch=riscv64)(osgi.os=linux)(osgi.ws=gtk))(&(osgi.arch=x86_64)(osgi.os=linux)(osgi.ws=gtk))(&(osgi.arch=x86_64)(osgi.os=macosx)(osgi.ws=cocoa))(&(osgi.arch=x86_64)(osgi.os=win32)(osgi.ws=win32))))
[2025-06-16 12:35:11] Requirement org.eclipse.equinox.p2.iu:org.eclipse.platform.feature.group [4.36.0,5.0.0)
[2025-06-16 12:35:11] Requirement org.eclipse.equinox.p2.iu:org.eclipse.rcp.feature.group [4.36.0,5.0.0)
[2025-06-16 12:35:11] Requirement org.eclipse.equinox.p2.iu:org.eclipse.buildship.feature.group
[2025-06-16 12:35:11] Requirement org.eclipse.equinox.p2.iu:org.eclipse.eclemma.feature.feature.group
[2025-06-16 12:35:11] Requirement org.eclipse.equinox.p2.iu:org.eclipse.egit.feature.group
[2025-06-16 12:35:11] Requirement org.eclipse.equinox.p2.iu:org.eclipse.epp.mpc.feature.group
[2025-06-16 12:35:11] Requirement org.eclipse.equinox.p2.iu:org.eclipse.jdt.bcoview.feature.feature.group
[2025-06-16 12:35:11] Requirement org.eclipse.equinox.p2.iu:org.eclipse.jdt.feature.group
[2025-06-16 12:35:11] Requirement org.eclipse.equinox.p2.iu:org.eclipse.jgit.feature.group
[2025-06-16 12:35:11] Requirement org.eclipse.equinox.p2.iu:org.eclipse.m2e.feature.feature.group
[2025-06-16 12:35:11] Requirement org.eclipse.equinox.p2.iu:org.eclipse.m2e.lemminx.feature.feature.group
[2025-06-16 12:35:11] Requirement org.eclipse.equinox.p2.iu:org.eclipse.m2e.logback.feature.feature.group
[2025-06-16 12:35:11] Requirement org.eclipse.equinox.p2.iu:org.eclipse.mylyn.commons.activity.feature.feature.group
[2025-06-16 12:35:11] Requirement org.eclipse.equinox.p2.iu:org.eclipse.mylyn.egit.feature.feature.group
[2025-06-16 12:35:11] Requirement org.eclipse.equinox.p2.iu:org.eclipse.mylyn.git.feature.feature.group
[2025-06-16 12:35:11] Requirement org.eclipse.equinox.p2.iu:org.eclipse.mylyn.github.feature.feature.group
[2025-06-16 12:35:11] Requirement org.eclipse.equinox.p2.iu:org.eclipse.mylyn.ide.feature.feature.group
[2025-06-16 12:35:11] Requirement org.eclipse.equinox.p2.iu:org.eclipse.mylyn.jdt.feature.feature.group
[2025-06-16 12:35:11] Requirement org.eclipse.equinox.p2.iu:org.eclipse.mylyn.jenkins.feature.feature.group
[2025-06-16 12:35:11] Requirement org.eclipse.equinox.p2.iu:org.eclipse.mylyn.reviews.feature.feature.group
[2025-06-16 12:35:11] Requirement org.eclipse.equinox.p2.iu:org.eclipse.mylyn.wikitext.feature.feature.group
[2025-06-16 12:35:11] Requirement org.eclipse.equinox.p2.iu:org.eclipse.tips.feature.feature.group
[2025-06-16 12:35:11] Requirement org.eclipse.equinox.p2.iu:org.eclipse.tm.terminal.feature.feature.group
[2025-06-16 12:35:11] Requirement org.eclipse.equinox.p2.iu:org.eclipse.tm4e.feature.feature.group
[2025-06-16 12:35:11] Requirement org.eclipse.equinox.p2.iu:org.eclipse.tm4e.language_pack.feature.feature.group
[2025-06-16 12:35:11] Requirement org.eclipse.equinox.p2.iu:org.eclipse.wildwebdeveloper.xml.feature.feature.group
[2025-06-16 12:35:11] Requirement org.eclipse.equinox.p2.iu:org.eclipse.oomph.setup.feature.group
[2025-06-16 12:35:11] Repository https://download.eclipse.org/justj/jres/23/updates/release/latest
[2025-06-16 12:35:11] Repository https://download.eclipse.org/technology/epp/packages/2025-06/202506041200
[2025-06-16 12:35:11] Repository https://download.eclipse.org/releases/2025-06/202506111000
[2025-06-16 12:35:11] Repository https://download.eclipse.org/oomph/updates/milestone/latest
[2025-06-16 12:35:20] Calculating requirements and dependencies.
[2025-06-16 12:35:21] Computing prerequisite plan
[2025-06-16 12:35:30] Collecting 2 artifacts from https://download.eclipse.org/releases/2025-06/202506111000
[2025-06-16 12:35:30] Collected 2 artifacts for https://download.eclipse.org/releases/2025-06/202506111000 in 0.018s
[2025-06-16 12:35:30] Collecting 1 artifacts from https://download.eclipse.org/technology/epp/packages/2025-06/202506041200
[2025-06-16 12:35:30] Collected 1 artifacts for https://download.eclipse.org/technology/epp/packages/2025-06/202506041200 in 0s
[2025-06-16 12:35:30] Collecting 3 artifacts from https://download.eclipse.org/justj/jres/23/updates/release/latest
[2025-06-16 12:35:31] Fetching 23.0.2&countryCode=in&timeZone=5&format=xml from https://www.eclipse.org/downloads/download.php?file=/justj/jres/23/updates/release/
[2025-06-16 12:35:32] Fetching org.eclipse.justj.openjdk.hotspot.jre.full_23.0.2.v20250131-0604.jar from https://mirror.kakao.com/eclipse/justj/jres/23/updates/release/23.0.2/features/ (24.77kB)
[2025-06-16 12:35:33] Fetching org.eclipse.justj.openjdk.hotspot.jre.full_23.0.2.v20250131-0604.jar from https://mirror.library.ucy.ac.cy/eclipse/justj/jres/23/updates/release/23.0.2/plugins/ (21.56kB)
[2025-06-16 12:35:33] Fetching org.eclipse.justj.openjdk.hotspot.jre.full.macosx.x86_64_23.0.2.v20250131-0604.jar from https://ftp.yz.yamagata-u.ac.jp/pub/eclipse/justj/jres/23/updates/release/23.0.2/plugins/ (132.52MB)
[2025-06-16 12:35:34] Fetching org.eclipse.justj.openjdk.hotspot.jre.full.macosx.x86_64_23.0.2.v20250131-0604.jar from https://ftp.yz.yamagata-u.ac.jp/pub/eclipse/justj/jres/23/updates/release/23.0.2/plugins/
[2025-06-16 12:38:20] An error was detected while performing the engine operation and the changes are being rolled back. See the log for details.
[2025-06-16 12:38:20] java.lang.IllegalStateException: Attempt to access stopped agent: org.eclipse.equinox.internal.p2.core.ProvisioningAgent@7f7fb0ab
  at org.eclipse.equinox.internal.p2.core.ProvisioningAgent.checkRunning(ProvisioningAgent.java:91)
  at org.eclipse.equinox.internal.p2.core.ProvisioningAgent.getService(ProvisioningAgent.java:51)
  at org.eclipse.equinox.internal.p2.engine.SimpleProfileRegistry.ignoreExistingProfile(SimpleProfileRegistry.java:336)
  at org.eclipse.equinox.internal.p2.engine.SimpleProfileRegistry.internalGetProfile(SimpleProfileRegistry.java:287)
  at org.eclipse.equinox.internal.p2.engine.SimpleProfileRegistry.getProfile(SimpleProfileRegistry.java:204)
  at org.eclipse.oomph.p2.internal.core.AgentImpl.getCurrentProfile(AgentImpl.java:411)
  at org.eclipse.oomph.setup.p2.impl.P2TaskImpl.perform(P2TaskImpl.java:953)
  at org.eclipse.oomph.setup.internal.core.SetupTaskPerformer.doPerformNeededSetupTasks(SetupTaskPerformer.java:3876)
  at org.eclipse.oomph.setup.internal.core.SetupTaskPerformer.performNeededSetupTasks(SetupTaskPerformer.java:3804)
  at org.eclipse.oomph.setup.internal.core.SetupTaskPerformer.performTriggeredSetupTasks(SetupTaskPerformer.java:3785)
  at org.eclipse.oomph.setup.internal.core.SetupTaskPerformer.perform(SetupTaskPerformer.java:3663)
  at org.eclipse.oomph.setup.internal.installer.SimpleVariablePage.installPerform(SimpleVariablePage.java:1360)
  at org.eclipse.oomph.setup.internal.installer.SimpleVariablePage$20.run(SimpleVariablePage.java:1167)

[2025-06-16 12:38:20] 
